{
  "variant": "slope_paired_dot",
  "baseline_sha256": "71dc36f16ebea92d537aa40a5d420443e4bcb93ccb76fea31efb40a6cb5c3aa0",
  "candidate_sha256": "a8e689a69e59d79ad4610ac8ddc46def37a0e07220bcf87fffc38c7fbe8cd0a5",
  "line_count": 60453,
  "target_declaration": "actualEdgeAmbientParam_hasDerivAt",
  "target_header_sha256": "20f8d04dfc32eb6aa027b1523622e01b26feac09d7a78cbafac93f98b0abc84a",
  "repairs": [
    {
      "repair": "slope_plain",
      "applied": 1
    },
    {
      "repair": "paired_dot",
      "applied": 9,
      "per_edge": {
        "circularArc": 5,
        "leftVerticalSegment": 2,
        "rightVerticalSegment": 2
      }
    }
  ],
  "baseline_forbidden_counts": {
    "sorry": 0,
    "admit": 0,
    "new_global_axiom": 0,
    "unsafe": 0,
    "native_decide": 0,
    "Lean.ofReduceBool": 0
  },
  "candidate_forbidden_counts": {
    "sorry": 0,
    "admit": 0,
    "new_global_axiom": 0,
    "unsafe": 0,
    "native_decide": 0,
    "Lean.ofReduceBool": 0
  }
}
