{
  "classification": "INFRA_FAILURE",
  "authority": "selector requires one current-run direct metric for every matrix variant",
  "infra_reasons": [
    "slope_paired_parenthesized_ring_height_upper: expected one candidate source, found 0",
    "slope_paired_parenthesized_ring_height_upper_tail: expected one candidate source, found 0",
    "slope_paired_parenthesized_ring_height_upper_tail_zero: expected one candidate source, found 0",
    "slope_paired_parenthesized_all_known: expected one candidate source, found 0",
    "slope_paired_dot_all_known: expected one candidate source, found 0",
    "slope_structures_paired_all_known: expected one candidate source, found 0",
    "slope_change_convert_paired_all_known: expected one candidate source, found 0",
    "slope_paired_parenthesized_deep_simp: expected one candidate source, found 0",
    "missing parsed metrics: slope_change_convert_paired_all_known, slope_paired_dot_all_known, slope_paired_parenthesized_all_known, slope_paired_parenthesized_deep_simp, slope_paired_parenthesized_ring_height_upper, slope_paired_parenthesized_ring_height_upper_tail, slope_paired_parenthesized_ring_height_upper_tail_zero, slope_structures_paired_all_known"
  ],
  "partial": {
    "artifact_records": [
      {
        "variant": "baseline",
        "artifact_id": 9049084833,
        "artifact_name": "fa443-candidate-baseline",
        "download_exit": 0
      },
      {
        "variant": "slope_only",
        "artifact_id": 9049148267,
        "artifact_name": "fa443-candidate-slope_only",
        "download_exit": 0
      },
      {
        "variant": "slope_structures",
        "artifact_id": 9049131168,
        "artifact_name": "fa443-candidate-slope_structures",
        "download_exit": 0
      },
      {
        "variant": "slope_change_convert",
        "artifact_id": 9049160466,
        "artifact_name": "fa443-candidate-slope_change_convert",
        "download_exit": 0
      },
      {
        "variant": "slope_paired_parenthesized",
        "artifact_id": 9049154741,
        "artifact_name": "fa443-candidate-slope_paired_parenthesized",
        "download_exit": 0
      },
      {
        "variant": "slope_paired_dot",
        "artifact_id": 9049229549,
        "artifact_name": "fa443-candidate-slope_paired_dot",
        "download_exit": 0
      },
      {
        "variant": "slope_paired_parenthesized_ring",
        "artifact_id": 9049157216,
        "artifact_name": "fa443-candidate-slope_paired_parenthesized_ring",
        "download_exit": 0
      },
      {
        "variant": "slope_paired_parenthesized_ring_height",
        "artifact_id": 9049218437,
        "artifact_name": "fa443-candidate-slope_paired_parenthesized_ring_height",
        "download_exit": 0
      },
      {
        "variant": "slope_paired_parenthesized_ring_height_upper",
        "artifact_id": 9049076016,
        "artifact_name": "fa443-candidate-slope_paired_parenthesized_ring_height_upper",
        "download_exit": 0
      },
      {
        "variant": "slope_paired_parenthesized_ring_height_upper_tail",
        "artifact_id": 9048878284,
        "artifact_name": "fa443-candidate-slope_paired_parenthesized_ring_height_upper_tail",
        "download_exit": 0
      },
      {
        "variant": "slope_paired_parenthesized_ring_height_upper_tail_zero",
        "artifact_id": 9049104176,
        "artifact_name": "fa443-candidate-slope_paired_parenthesized_ring_height_upper_tail_zero",
        "download_exit": 0
      },
      {
        "variant": "slope_paired_parenthesized_all_known",
        "artifact_id": 9048940585,
        "artifact_name": "fa443-candidate-slope_paired_parenthesized_all_known",
        "download_exit": 0
      },
      {
        "variant": "slope_paired_dot_all_known",
        "artifact_id": 9049060657,
        "artifact_name": "fa443-candidate-slope_paired_dot_all_known",
        "download_exit": 0
      },
      {
        "variant": "slope_structures_paired_all_known",
        "artifact_id": 9049083144,
        "artifact_name": "fa443-candidate-slope_structures_paired_all_known",
        "download_exit": 0
      },
      {
        "variant": "slope_change_convert_paired_all_known",
        "artifact_id": 9049001527,
        "artifact_name": "fa443-candidate-slope_change_convert_paired_all_known",
        "download_exit": 0
      },
      {
        "variant": "slope_paired_parenthesized_deep_simp",
        "artifact_id": 9049037727,
        "artifact_name": "fa443-candidate-slope_paired_parenthesized_deep_simp",
        "download_exit": 0
      }
    ],
    "metrics": {
      "baseline": {
        "classification": "VERIFIED",
        "result_classification": "LEAN_FAILURE",
        "authority": "actual direct Lean CLI on generated repository source path",
        "variant": "baseline",
        "prepare_ok": true,
        "infra_reasons": [],
        "lean_executed": {
          "Mock2": true,
          "Mock2_Advanced": true,
          "Mock2_FunctionalAnalysis": true
        },
        "all_required_lean_commands_executed": true,
        "source_sha256": "71dc36f16ebea92d537aa40a5d420443e4bcb93ccb76fea31efb40a6cb5c3aa0",
        "candidate_metadata_sha256": "71dc36f16ebea92d537aa40a5d420443e4bcb93ccb76fea31efb40a6cb5c3aa0",
        "source_metadata_identity": true,
        "baseline_sha256": "71dc36f16ebea92d537aa40a5d420443e4bcb93ccb76fea31efb40a6cb5c3aa0",
        "line_count": 60453,
        "expected_line_count": 60453,
        "same_height": true,
        "target_declaration": "actualEdgeAmbientParam_hasDerivAt",
        "target_header_sha256": "20f8d04dfc32eb6aa027b1523622e01b26feac09d7a78cbafac93f98b0abc84a",
        "theorem_header_unchanged": true,
        "Mock2_exit": 0,
        "Mock2_errors_under_cap": 0,
        "Mock2_Advanced_exit": 0,
        "Mock2_Advanced_errors_under_cap": 0,
        "FA_exit": 1,
        "FA_error_headers_captured": 81,
        "FA_first_actual_error_line": 31726,
        "FA_first_actual_error_col": 2,
        "FA_first_error_message": "Mock2_FunctionalAnalysis.lean:31726:2: error: Type mismatch: After simplification, term\n  hcomp\n has type\n  @HasDerivAt \u211d DenselyNormedField.toNontriviallyNormedField \u2102 Complex.instNormedAddCommGroup.toAddCommGroup\n    instInnerProductSpaceRealComplex.toModule PseudoMetricSpace.toUniformSpace.toTopologicalSpace \u22ef\n    (fun x => selectedCosetAmbientMap e.1 (modularTileEdgeAmbientParam e.2 x))\n    ((UpperHalfPlane.smulFDeriv (selectedCosetGL e.1) \u2191(modularTileEdgeParam e.2 t)) (modularTileEdgeVelocity e.2 t)) \u2191t\nbut is expected to have type\n  @HasDerivAt \u211d DenselyNormedField.toNontriviallyNormedField \u2102 Complex.addCommGroup\n    instInnerProductSpaceRealComplex.toModule PseudoMetricSpace.toUniformSpace.toTopologicalSpace \u22ef\n    (actualEdgeAmbientParam e)\n    ((UpperHalfPlane.smulFDeriv (selectedCosetGL e.1) \u2191(modularTileEdgeParam e.2 t)) (modularTileEdgeVelocity e.2 t)) \u2191t",
        "FA_first_error_declaration": "actualEdgeAmbientParam_hasDerivAt",
        "FA_error_declaration_index": 2624,
        "maxErrors_cap": 80,
        "maxErrors_interpretation": "diagnostic cap only; never interpreted as total errors or completion progress",
        "compile_commands": {
          "Mock2": "lake env lean -DmaxErrors=80 -DwarningAsError=false -o .lake/build/lib/lean/PrimalitySheafVerification/Mock2.olean -i .lake/build/lib/lean/PrimalitySheafVerification/Mock2.ilean PrimalitySheafVerification/Mock2.lean",
          "Mock2_Advanced": "lake env lean -DmaxErrors=80 -DwarningAsError=false -o .lake/build/lib/lean/PrimalitySheafVerification/Mock2_Advanced.olean -i .lake/build/lib/lean/PrimalitySheafVerification/Mock2_Advanced.ilean PrimalitySheafVerification/Mock2_Advanced.lean",
          "Mock2_FunctionalAnalysis": "lake env lean -DmaxErrors=80 -DwarningAsError=false -o .lake/build/lib/lean/PrimalitySheafVerification/Mock2_FunctionalAnalysis.olean -i .lake/build/lib/lean/PrimalitySheafVerification/Mock2_FunctionalAnalysis.ilean PrimalitySheafVerification/Mock2_FunctionalAnalysis.lean"
        },
        "lean_version": "Lean (version 4.33.0-rc1, x86_64-unknown-linux-gnu, commit 62eed1db4d67327ec8120be05f1a1b0847d74561, Release)",
        "lake_version": "Lake version 5.0.0-src+62eed1d (Lean version 4.33.0-rc1)",
        "lean_toolchain": "leanprover/lean4:v4.33.0-rc1",
        "workflow_commit_identity": "8e67595ad555936b5b10dff5133ab2668a526e72",
        "trigger_commit_identity": "8e67595ad555936b5b10dff5133ab2668a526e72",
        "baseline_commit_identity": "b7c8159cc3de07dbe455b9d3979e043e18e20886",
        "lake_manifest_sha256": "672474eb93bc14c66cd1ff45203c451987fe525f7b5d13ecd83140be46434b26",
        "candidate_forbidden_counts": {
          "sorry": 0,
          "admit": 0,
          "new_global_axiom": 0,
          "unsafe": 0,
          "native_decide": 0,
          "Lean.ofReduceBool": 0
        },
        "forbidden_clean": true,
        "repairs": [],
        "_actual_source_sha256": "71dc36f16ebea92d537aa40a5d420443e4bcb93ccb76fea31efb40a6cb5c3aa0",
        "_source_path": "/home/runner/work/mathlib4/mathlib4/build-logs/fa443-matrix/collected/baseline/Mock2_FunctionalAnalysis-candidate.lean",
        "_metric_path": "/home/runner/work/mathlib4/mathlib4/build-logs/fa443-matrix/collected/baseline/METRIC.json"
      },
      "slope_only": {
        "classification": "VERIFIED",
        "result_classification": "LEAN_FAILURE",
        "authority": "actual direct Lean CLI on generated repository source path",
        "variant": "slope_only",
        "prepare_ok": true,
        "infra_reasons": [],
        "lean_executed": {
          "Mock2": true,
          "Mock2_Advanced": true,
          "Mock2_FunctionalAnalysis": true
        },
        "all_required_lean_commands_executed": true,
        "source_sha256": "42e26617d0896bb4c551a6cfa3705857e58dcd23e44ddcefde58fddbfc7820a5",
        "candidate_metadata_sha256": "42e26617d0896bb4c551a6cfa3705857e58dcd23e44ddcefde58fddbfc7820a5",
        "source_metadata_identity": true,
        "baseline_sha256": "71dc36f16ebea92d537aa40a5d420443e4bcb93ccb76fea31efb40a6cb5c3aa0",
        "line_count": 60453,
        "expected_line_count": 60453,
        "same_height": true,
        "target_declaration": "actualEdgeAmbientParam_hasDerivAt",
        "target_header_sha256": "20f8d04dfc32eb6aa027b1523622e01b26feac09d7a78cbafac93f98b0abc84a",
        "theorem_header_unchanged": true,
        "Mock2_exit": 0,
        "Mock2_errors_under_cap": 0,
        "Mock2_Advanced_exit": 0,
        "Mock2_Advanced_errors_under_cap": 0,
        "FA_exit": 1,
        "FA_error_headers_captured": 81,
        "FA_first_actual_error_line": 32035,
        "FA_first_actual_error_col": 8,
        "FA_first_error_message": "Mock2_FunctionalAnalysis.lean:32035:8: error: Application type mismatch: The argument\n  GammaTwoActualPolygonEdge.paired\nhas type\n  GammaTwoActualPolygonEdge \u2192 GammaTwoActualPolygonEdge\nbut is expected to have type\n  GammaTwoActualPolygonEdge\nin the application\n  nativeActualEdgeFluxIntegral T X Y GammaTwoActualPolygonEdge.paired",
        "FA_first_error_declaration": "nativeActualEdgeFluxIntegral_paired_circular",
        "FA_error_declaration_index": 2645,
        "maxErrors_cap": 80,
        "maxErrors_interpretation": "diagnostic cap only; never interpreted as total errors or completion progress",
        "compile_commands": {
          "Mock2": "lake env lean -DmaxErrors=80 -DwarningAsError=false -o .lake/build/lib/lean/PrimalitySheafVerification/Mock2.olean -i .lake/build/lib/lean/PrimalitySheafVerification/Mock2.ilean PrimalitySheafVerification/Mock2.lean",
          "Mock2_Advanced": "lake env lean -DmaxErrors=80 -DwarningAsError=false -o .lake/build/lib/lean/PrimalitySheafVerification/Mock2_Advanced.olean -i .lake/build/lib/lean/PrimalitySheafVerification/Mock2_Advanced.ilean PrimalitySheafVerification/Mock2_Advanced.lean",
          "Mock2_FunctionalAnalysis": "lake env lean -DmaxErrors=80 -DwarningAsError=false -o .lake/build/lib/lean/PrimalitySheafVerification/Mock2_FunctionalAnalysis.olean -i .lake/build/lib/lean/PrimalitySheafVerification/Mock2_FunctionalAnalysis.ilean PrimalitySheafVerification/Mock2_FunctionalAnalysis.lean"
        },
        "lean_version": "Lean (version 4.33.0-rc1, x86_64-unknown-linux-gnu, commit 62eed1db4d67327ec8120be05f1a1b0847d74561, Release)",
        "lake_version": "Lake version 5.0.0-src+62eed1d (Lean version 4.33.0-rc1)",
        "lean_toolchain": "leanprover/lean4:v4.33.0-rc1",
        "workflow_commit_identity": "8e67595ad555936b5b10dff5133ab2668a526e72",
        "trigger_commit_identity": "8e67595ad555936b5b10dff5133ab2668a526e72",
        "baseline_commit_identity": "b7c8159cc3de07dbe455b9d3979e043e18e20886",
        "lake_manifest_sha256": "672474eb93bc14c66cd1ff45203c451987fe525f7b5d13ecd83140be46434b26",
        "candidate_forbidden_counts": {
          "sorry": 0,
          "admit": 0,
          "new_global_axiom": 0,
          "unsafe": 0,
          "native_decide": 0,
          "Lean.ofReduceBool": 0
        },
        "forbidden_clean": true,
        "repairs": [
          {
            "repair": "slope_plain",
            "applied": 1
          }
        ],
        "_actual_source_sha256": "42e26617d0896bb4c551a6cfa3705857e58dcd23e44ddcefde58fddbfc7820a5",
        "_source_path": "/home/runner/work/mathlib4/mathlib4/build-logs/fa443-matrix/collected/slope_only/Mock2_FunctionalAnalysis-candidate.lean",
        "_metric_path": "/home/runner/work/mathlib4/mathlib4/build-logs/fa443-matrix/collected/slope_only/METRIC.json"
      },
      "slope_structures": {
        "classification": "VERIFIED",
        "result_classification": "LEAN_FAILURE",
        "authority": "actual direct Lean CLI on generated repository source path",
        "variant": "slope_structures",
        "prepare_ok": true,
        "infra_reasons": [],
        "lean_executed": {
          "Mock2": true,
          "Mock2_Advanced": true,
          "Mock2_FunctionalAnalysis": true
        },
        "all_required_lean_commands_executed": true,
        "source_sha256": "6083f4bb01b25b0fab5897131d1cd85cb134be0115fd61c321fd0cd6b5db7c23",
        "candidate_metadata_sha256": "6083f4bb01b25b0fab5897131d1cd85cb134be0115fd61c321fd0cd6b5db7c23",
        "source_metadata_identity": true,
        "baseline_sha256": "71dc36f16ebea92d537aa40a5d420443e4bcb93ccb76fea31efb40a6cb5c3aa0",
        "line_count": 60453,
        "expected_line_count": 60453,
        "same_height": true,
        "target_declaration": "actualEdgeAmbientParam_hasDerivAt",
        "target_header_sha256": "20f8d04dfc32eb6aa027b1523622e01b26feac09d7a78cbafac93f98b0abc84a",
        "theorem_header_unchanged": true,
        "Mock2_exit": 0,
        "Mock2_errors_under_cap": 0,
        "Mock2_Advanced_exit": 0,
        "Mock2_Advanced_errors_under_cap": 0,
        "FA_exit": 1,
        "FA_error_headers_captured": 81,
        "FA_first_actual_error_line": 32035,
        "FA_first_actual_error_col": 8,
        "FA_first_error_message": "Mock2_FunctionalAnalysis.lean:32035:8: error: Application type mismatch: The argument\n  GammaTwoActualPolygonEdge.paired\nhas type\n  GammaTwoActualPolygonEdge \u2192 GammaTwoActualPolygonEdge\nbut is expected to have type\n  GammaTwoActualPolygonEdge\nin the application\n  nativeActualEdgeFluxIntegral T X Y GammaTwoActualPolygonEdge.paired",
        "FA_first_error_declaration": "nativeActualEdgeFluxIntegral_paired_circular",
        "FA_error_declaration_index": 2645,
        "maxErrors_cap": 80,
        "maxErrors_interpretation": "diagnostic cap only; never interpreted as total errors or completion progress",
        "compile_commands": {
          "Mock2": "lake env lean -DmaxErrors=80 -DwarningAsError=false -o .lake/build/lib/lean/PrimalitySheafVerification/Mock2.olean -i .lake/build/lib/lean/PrimalitySheafVerification/Mock2.ilean PrimalitySheafVerification/Mock2.lean",
          "Mock2_Advanced": "lake env lean -DmaxErrors=80 -DwarningAsError=false -o .lake/build/lib/lean/PrimalitySheafVerification/Mock2_Advanced.olean -i .lake/build/lib/lean/PrimalitySheafVerification/Mock2_Advanced.ilean PrimalitySheafVerification/Mock2_Advanced.lean",
          "Mock2_FunctionalAnalysis": "lake env lean -DmaxErrors=80 -DwarningAsError=false -o .lake/build/lib/lean/PrimalitySheafVerification/Mock2_FunctionalAnalysis.olean -i .lake/build/lib/lean/PrimalitySheafVerification/Mock2_FunctionalAnalysis.ilean PrimalitySheafVerification/Mock2_FunctionalAnalysis.lean"
        },
        "lean_version": "Lean (version 4.33.0-rc1, x86_64-unknown-linux-gnu, commit 62eed1db4d67327ec8120be05f1a1b0847d74561, Release)",
        "lake_version": "Lake version 5.0.0-src+62eed1d (Lean version 4.33.0-rc1)",
        "lean_toolchain": "leanprover/lean4:v4.33.0-rc1",
        "workflow_commit_identity": "8e67595ad555936b5b10dff5133ab2668a526e72",
        "trigger_commit_identity": "8e67595ad555936b5b10dff5133ab2668a526e72",
        "baseline_commit_identity": "b7c8159cc3de07dbe455b9d3979e043e18e20886",
        "lake_manifest_sha256": "672474eb93bc14c66cd1ff45203c451987fe525f7b5d13ecd83140be46434b26",
        "candidate_forbidden_counts": {
          "sorry": 0,
          "admit": 0,
          "new_global_axiom": 0,
          "unsafe": 0,
          "native_decide": 0,
          "Lean.ofReduceBool": 0
        },
        "forbidden_clean": true,
        "repairs": [
          {
            "repair": "slope_structures",
            "applied": 1
          }
        ],
        "_actual_source_sha256": "6083f4bb01b25b0fab5897131d1cd85cb134be0115fd61c321fd0cd6b5db7c23",
        "_source_path": "/home/runner/work/mathlib4/mathlib4/build-logs/fa443-matrix/collected/slope_structures/Mock2_FunctionalAnalysis-candidate.lean",
        "_metric_path": "/home/runner/work/mathlib4/mathlib4/build-logs/fa443-matrix/collected/slope_structures/METRIC.json"
      },
      "slope_change_convert": {
        "classification": "VERIFIED",
        "result_classification": "LEAN_FAILURE",
        "authority": "actual direct Lean CLI on generated repository source path",
        "variant": "slope_change_convert",
        "prepare_ok": true,
        "infra_reasons": [],
        "lean_executed": {
          "Mock2": true,
          "Mock2_Advanced": true,
          "Mock2_FunctionalAnalysis": true
        },
        "all_required_lean_commands_executed": true,
        "source_sha256": "a89c24b2ed5cf99a510b96a0766b5c4b64ac49a0c9078c6926800f78407189aa",
        "candidate_metadata_sha256": "a89c24b2ed5cf99a510b96a0766b5c4b64ac49a0c9078c6926800f78407189aa",
        "source_metadata_identity": true,
        "baseline_sha256": "71dc36f16ebea92d537aa40a5d420443e4bcb93ccb76fea31efb40a6cb5c3aa0",
        "line_count": 60453,
        "expected_line_count": 60453,
        "same_height": true,
        "target_declaration": "actualEdgeAmbientParam_hasDerivAt",
        "target_header_sha256": "20f8d04dfc32eb6aa027b1523622e01b26feac09d7a78cbafac93f98b0abc84a",
        "theorem_header_unchanged": true,
        "Mock2_exit": 0,
        "Mock2_errors_under_cap": 0,
        "Mock2_Advanced_exit": 0,
        "Mock2_Advanced_errors_under_cap": 0,
        "FA_exit": 1,
        "FA_error_headers_captured": 81,
        "FA_first_actual_error_line": 32035,
        "FA_first_actual_error_col": 8,
        "FA_first_error_message": "Mock2_FunctionalAnalysis.lean:32035:8: error: Application type mismatch: The argument\n  GammaTwoActualPolygonEdge.paired\nhas type\n  GammaTwoActualPolygonEdge \u2192 GammaTwoActualPolygonEdge\nbut is expected to have type\n  GammaTwoActualPolygonEdge\nin the application\n  nativeActualEdgeFluxIntegral T X Y GammaTwoActualPolygonEdge.paired",
        "FA_first_error_declaration": "nativeActualEdgeFluxIntegral_paired_circular",
        "FA_error_declaration_index": 2645,
        "maxErrors_cap": 80,
        "maxErrors_interpretation": "diagnostic cap only; never interpreted as total errors or completion progress",
        "compile_commands": {
          "Mock2": "lake env lean -DmaxErrors=80 -DwarningAsError=false -o .lake/build/lib/lean/PrimalitySheafVerification/Mock2.olean -i .lake/build/lib/lean/PrimalitySheafVerification/Mock2.ilean PrimalitySheafVerification/Mock2.lean",
          "Mock2_Advanced": "lake env lean -DmaxErrors=80 -DwarningAsError=false -o .lake/build/lib/lean/PrimalitySheafVerification/Mock2_Advanced.olean -i .lake/build/lib/lean/PrimalitySheafVerification/Mock2_Advanced.ilean PrimalitySheafVerification/Mock2_Advanced.lean",
          "Mock2_FunctionalAnalysis": "lake env lean -DmaxErrors=80 -DwarningAsError=false -o .lake/build/lib/lean/PrimalitySheafVerification/Mock2_FunctionalAnalysis.olean -i .lake/build/lib/lean/PrimalitySheafVerification/Mock2_FunctionalAnalysis.ilean PrimalitySheafVerification/Mock2_FunctionalAnalysis.lean"
        },
        "lean_version": "Lean (version 4.33.0-rc1, x86_64-unknown-linux-gnu, commit 62eed1db4d67327ec8120be05f1a1b0847d74561, Release)",
        "lake_version": "Lake version 5.0.0-src+62eed1d (Lean version 4.33.0-rc1)",
        "lean_toolchain": "leanprover/lean4:v4.33.0-rc1",
        "workflow_commit_identity": "8e67595ad555936b5b10dff5133ab2668a526e72",
        "trigger_commit_identity": "8e67595ad555936b5b10dff5133ab2668a526e72",
        "baseline_commit_identity": "b7c8159cc3de07dbe455b9d3979e043e18e20886",
        "lake_manifest_sha256": "672474eb93bc14c66cd1ff45203c451987fe525f7b5d13ecd83140be46434b26",
        "candidate_forbidden_counts": {
          "sorry": 0,
          "admit": 0,
          "new_global_axiom": 0,
          "unsafe": 0,
          "native_decide": 0,
          "Lean.ofReduceBool": 0
        },
        "forbidden_clean": true,
        "repairs": [
          {
            "repair": "slope_change_convert",
            "applied": 1
          }
        ],
        "_actual_source_sha256": "a89c24b2ed5cf99a510b96a0766b5c4b64ac49a0c9078c6926800f78407189aa",
        "_source_path": "/home/runner/work/mathlib4/mathlib4/build-logs/fa443-matrix/collected/slope_change_convert/Mock2_FunctionalAnalysis-candidate.lean",
        "_metric_path": "/home/runner/work/mathlib4/mathlib4/build-logs/fa443-matrix/collected/slope_change_convert/METRIC.json"
      },
      "slope_paired_parenthesized": {
        "classification": "VERIFIED",
        "result_classification": "LEAN_FAILURE",
        "authority": "actual direct Lean CLI on generated repository source path",
        "variant": "slope_paired_parenthesized",
        "prepare_ok": true,
        "infra_reasons": [],
        "lean_executed": {
          "Mock2": true,
          "Mock2_Advanced": true,
          "Mock2_FunctionalAnalysis": true
        },
        "all_required_lean_commands_executed": true,
        "source_sha256": "7671b34dc82cf76ac83f6394eef16911174e263adf2f44eb4c27d4113da84616",
        "candidate_metadata_sha256": "7671b34dc82cf76ac83f6394eef16911174e263adf2f44eb4c27d4113da84616",
        "source_metadata_identity": true,
        "baseline_sha256": "71dc36f16ebea92d537aa40a5d420443e4bcb93ccb76fea31efb40a6cb5c3aa0",
        "line_count": 60453,
        "expected_line_count": 60453,
        "same_height": true,
        "target_declaration": "actualEdgeAmbientParam_hasDerivAt",
        "target_header_sha256": "20f8d04dfc32eb6aa027b1523622e01b26feac09d7a78cbafac93f98b0abc84a",
        "theorem_header_unchanged": true,
        "Mock2_exit": 0,
        "Mock2_errors_under_cap": 0,
        "Mock2_Advanced_exit": 0,
        "Mock2_Advanced_errors_under_cap": 0,
        "FA_exit": 1,
        "FA_error_headers_captured": 81,
        "FA_first_actual_error_line": 32380,
        "FA_first_actual_error_col": 50,
        "FA_first_error_message": "Mock2_FunctionalAnalysis.lean:32380:50: error: unsolved goals\nT : \u211d\nhT : 0 \u2264 T\nX Y : \u210d \u2192 \u2102\nq : GammaTwoRightCoset\n\u22a2 -(1 * \u222b (s : \u211d) in 0..T, realProdLift (selectedCosetPiolaX q X Y) (-(1 / 2), modularVertexHeight + s)) =\n    -\u222b (s : \u211d) in 0..T, realProdLift (selectedCosetPiolaX q X Y) (-(1 / 2), modularVertexHeight + s)\n'Mock2FA.PaperCorrections.AutomorphicSobolev.GammaTwoNativeEdgeCancellation.modularCircularArcAmbient_hasDerivAt' depends on axioms: [propext,\n Classical.choice,\n Quot.sound]\n'Mock2FA.PaperCorrections.AutomorphicSobolev.GammaTwoNativeEdgeCancellation.modularTileEdgeAmbientParam_hasDerivAt' depends on axioms: [propext,\n Classical.choice,\n Quot.sound]\n'Mock2FA.PaperCorrections.AutomorphicSobolev.GammaTwoNativeEdgeCancellation.actualEdgeAmbientParam_hasDerivAt' depends on axioms: [propext,\n Classical.choice,\n Quot.sound]\n'Mock2FA.PaperCorrections.AutomorphicSobolev.GammaTwoNativeEdgeCancellation.parameterSign_mul_nativePairedTangent_eq_transport' depends on axioms: [propext,\n Classical.choice,\n Quot.sound]\n'Mock2FA.PaperCorrections.AutomorphicSobolev.GammaTwoNativeEdgeCancellation.invariantFlux_nativePaired_parameterSign' depends on axioms: [propext,\n Classical.choice,\n Quot.sound]\n'Mock2FA.PaperCorrections.AutomorphicSobolev.GammaTwoNativeEdgeCancellation.nativeActualEdgeFluxIntegral_paired' depends on axioms: [propext,\n Classical.choice,\n Quot.sound]\n'Mock2FA.PaperCorrections.AutomorphicSobolev.GammaTwoNativeEdgeCancellation.nativeOrientedActualEdgeContribution_paired_eq_neg' depends on axioms: [propext,\n Classical.choice,\n Quot.sound]\n'Mock2FA.PaperCorrections.AutomorphicSobolev.GammaTwoNativeEdgeCancellation.sum_nativeOrientedActualEdgeContribution_eq_zero' depends on axioms: [propext,\n Classical.choice,",
        "FA_first_error_declaration": "nativeOrientedActualEdgeContribution_left",
        "FA_error_declaration_index": 2661,
        "maxErrors_cap": 80,
        "maxErrors_interpretation": "diagnostic cap only; never interpreted as total errors or completion progress",
        "compile_commands": {
          "Mock2": "lake env lean -DmaxErrors=80 -DwarningAsError=false -o .lake/build/lib/lean/PrimalitySheafVerification/Mock2.olean -i .lake/build/lib/lean/PrimalitySheafVerification/Mock2.ilean PrimalitySheafVerification/Mock2.lean",
          "Mock2_Advanced": "lake env lean -DmaxErrors=80 -DwarningAsError=false -o .lake/build/lib/lean/PrimalitySheafVerification/Mock2_Advanced.olean -i .lake/build/lib/lean/PrimalitySheafVerification/Mock2_Advanced.ilean PrimalitySheafVerification/Mock2_Advanced.lean",
          "Mock2_FunctionalAnalysis": "lake env lean -DmaxErrors=80 -DwarningAsError=false -o .lake/build/lib/lean/PrimalitySheafVerification/Mock2_FunctionalAnalysis.olean -i .lake/build/lib/lean/PrimalitySheafVerification/Mock2_FunctionalAnalysis.ilean PrimalitySheafVerification/Mock2_FunctionalAnalysis.lean"
        },
        "lean_version": "Lean (version 4.33.0-rc1, x86_64-unknown-linux-gnu, commit 62eed1db4d67327ec8120be05f1a1b0847d74561, Release)",
        "lake_version": "Lake version 5.0.0-src+62eed1d (Lean version 4.33.0-rc1)",
        "lean_toolchain": "leanprover/lean4:v4.33.0-rc1",
        "workflow_commit_identity": "8e67595ad555936b5b10dff5133ab2668a526e72",
        "trigger_commit_identity": "8e67595ad555936b5b10dff5133ab2668a526e72",
        "baseline_commit_identity": "b7c8159cc3de07dbe455b9d3979e043e18e20886",
        "lake_manifest_sha256": "672474eb93bc14c66cd1ff45203c451987fe525f7b5d13ecd83140be46434b26",
        "candidate_forbidden_counts": {
          "sorry": 0,
          "admit": 0,
          "new_global_axiom": 0,
          "unsafe": 0,
          "native_decide": 0,
          "Lean.ofReduceBool": 0
        },
        "forbidden_clean": true,
        "repairs": [
          {
            "repair": "slope_plain",
            "applied": 1
          },
          {
            "repair": "paired_parenthesized",
            "applied": 9,
            "per_edge": {
              "circularArc": 5,
              "leftVerticalSegment": 2,
              "rightVerticalSegment": 2
            }
          }
        ],
        "_actual_source_sha256": "7671b34dc82cf76ac83f6394eef16911174e263adf2f44eb4c27d4113da84616",
        "_source_path": "/home/runner/work/mathlib4/mathlib4/build-logs/fa443-matrix/collected/slope_paired_parenthesized/Mock2_FunctionalAnalysis-candidate.lean",
        "_metric_path": "/home/runner/work/mathlib4/mathlib4/build-logs/fa443-matrix/collected/slope_paired_parenthesized/METRIC.json"
      },
      "slope_paired_dot": {
        "classification": "VERIFIED",
        "result_classification": "LEAN_FAILURE",
        "authority": "actual direct Lean CLI on generated repository source path",
        "variant": "slope_paired_dot",
        "prepare_ok": true,
        "infra_reasons": [],
        "lean_executed": {
          "Mock2": true,
          "Mock2_Advanced": true,
          "Mock2_FunctionalAnalysis": true
        },
        "all_required_lean_commands_executed": true,
        "source_sha256": "a8e689a69e59d79ad4610ac8ddc46def37a0e07220bcf87fffc38c7fbe8cd0a5",
        "candidate_metadata_sha256": "a8e689a69e59d79ad4610ac8ddc46def37a0e07220bcf87fffc38c7fbe8cd0a5",
        "source_metadata_identity": true,
        "baseline_sha256": "71dc36f16ebea92d537aa40a5d420443e4bcb93ccb76fea31efb40a6cb5c3aa0",
        "line_count": 60453,
        "expected_line_count": 60453,
        "same_height": true,
        "target_declaration": "actualEdgeAmbientParam_hasDerivAt",
        "target_header_sha256": "20f8d04dfc32eb6aa027b1523622e01b26feac09d7a78cbafac93f98b0abc84a",
        "theorem_header_unchanged": true,
        "Mock2_exit": 0,
        "Mock2_errors_under_cap": 0,
        "Mock2_Advanced_exit": 0,
        "Mock2_Advanced_errors_under_cap": 0,
        "FA_exit": 1,
        "FA_error_headers_captured": 81,
        "FA_first_actual_error_line": 32035,
        "FA_first_actual_error_col": 79,
        "FA_first_error_message": "Mock2_FunctionalAnalysis.lean:32035:79: error(lean.invalidField): Invalid field `paired`: The environment does not contain `Prod.paired`, so it is not possible to project the field `paired` from an expression\n  (q, GammaTwoModularTileEdge.circularArc)\nof type\n  GammaTwoRightCoset \u00d7 GammaTwoModularTileEdge",
        "FA_first_error_declaration": "nativeActualEdgeFluxIntegral_paired_circular",
        "FA_error_declaration_index": 2645,
        "maxErrors_cap": 80,
        "maxErrors_interpretation": "diagnostic cap only; never interpreted as total errors or completion progress",
        "compile_commands": {
          "Mock2": "lake env lean -DmaxErrors=80 -DwarningAsError=false -o .lake/build/lib/lean/PrimalitySheafVerification/Mock2.olean -i .lake/build/lib/lean/PrimalitySheafVerification/Mock2.ilean PrimalitySheafVerification/Mock2.lean",
          "Mock2_Advanced": "lake env lean -DmaxErrors=80 -DwarningAsError=false -o .lake/build/lib/lean/PrimalitySheafVerification/Mock2_Advanced.olean -i .lake/build/lib/lean/PrimalitySheafVerification/Mock2_Advanced.ilean PrimalitySheafVerification/Mock2_Advanced.lean",
          "Mock2_FunctionalAnalysis": "lake env lean -DmaxErrors=80 -DwarningAsError=false -o .lake/build/lib/lean/PrimalitySheafVerification/Mock2_FunctionalAnalysis.olean -i .lake/build/lib/lean/PrimalitySheafVerification/Mock2_FunctionalAnalysis.ilean PrimalitySheafVerification/Mock2_FunctionalAnalysis.lean"
        },
        "lean_version": "Lean (version 4.33.0-rc1, x86_64-unknown-linux-gnu, commit 62eed1db4d67327ec8120be05f1a1b0847d74561, Release)",
        "lake_version": "Lake version 5.0.0-src+62eed1d (Lean version 4.33.0-rc1)",
        "lean_toolchain": "leanprover/lean4:v4.33.0-rc1",
        "workflow_commit_identity": "8e67595ad555936b5b10dff5133ab2668a526e72",
        "trigger_commit_identity": "8e67595ad555936b5b10dff5133ab2668a526e72",
        "baseline_commit_identity": "b7c8159cc3de07dbe455b9d3979e043e18e20886",
        "lake_manifest_sha256": "672474eb93bc14c66cd1ff45203c451987fe525f7b5d13ecd83140be46434b26",
        "candidate_forbidden_counts": {
          "sorry": 0,
          "admit": 0,
          "new_global_axiom": 0,
          "unsafe": 0,
          "native_decide": 0,
          "Lean.ofReduceBool": 0
        },
        "forbidden_clean": true,
        "repairs": [
          {
            "repair": "slope_plain",
            "applied": 1
          },
          {
            "repair": "paired_dot",
            "applied": 9,
            "per_edge": {
              "circularArc": 5,
              "leftVerticalSegment": 2,
              "rightVerticalSegment": 2
            }
          }
        ],
        "_actual_source_sha256": "a8e689a69e59d79ad4610ac8ddc46def37a0e07220bcf87fffc38c7fbe8cd0a5",
        "_source_path": "/home/runner/work/mathlib4/mathlib4/build-logs/fa443-matrix/collected/slope_paired_dot/Mock2_FunctionalAnalysis-candidate.lean",
        "_metric_path": "/home/runner/work/mathlib4/mathlib4/build-logs/fa443-matrix/collected/slope_paired_dot/METRIC.json"
      },
      "slope_paired_parenthesized_ring": {
        "classification": "VERIFIED",
        "result_classification": "LEAN_FAILURE",
        "authority": "actual direct Lean CLI on generated repository source path",
        "variant": "slope_paired_parenthesized_ring",
        "prepare_ok": true,
        "infra_reasons": [],
        "lean_executed": {
          "Mock2": true,
          "Mock2_Advanced": true,
          "Mock2_FunctionalAnalysis": true
        },
        "all_required_lean_commands_executed": true,
        "source_sha256": "4647a9463e4264a7f0e08405b7ccd1ce9be87e7227fa2b91dc52024e2e198152",
        "candidate_metadata_sha256": "4647a9463e4264a7f0e08405b7ccd1ce9be87e7227fa2b91dc52024e2e198152",
        "source_metadata_identity": true,
        "baseline_sha256": "71dc36f16ebea92d537aa40a5d420443e4bcb93ccb76fea31efb40a6cb5c3aa0",
        "line_count": 60453,
        "expected_line_count": 60453,
        "same_height": true,
        "target_declaration": "actualEdgeAmbientParam_hasDerivAt",
        "target_header_sha256": "20f8d04dfc32eb6aa027b1523622e01b26feac09d7a78cbafac93f98b0abc84a",
        "theorem_header_unchanged": true,
        "Mock2_exit": 0,
        "Mock2_errors_under_cap": 0,
        "Mock2_Advanced_exit": 0,
        "Mock2_Advanced_errors_under_cap": 0,
        "FA_exit": 1,
        "FA_error_headers_captured": 81,
        "FA_first_actual_error_line": 32590,
        "FA_first_actual_error_col": 5,
        "FA_first_error_message": "Mock2_FunctionalAnalysis.lean:32590:5: error(lean.synthInstanceFailed): failed to synthesize instance of type class\n  MeasurableConstSMul SL(2, \u2124) \u210d\n\nHint: Type class instance resolution failures can be inspected with the `set_option trace.Meta.synthInstance true` command.",
        "FA_first_error_declaration": "selectedHalfOpenTile_ae_eq_openTile",
        "FA_error_declaration_index": 2671,
        "maxErrors_cap": 80,
        "maxErrors_interpretation": "diagnostic cap only; never interpreted as total errors or completion progress",
        "compile_commands": {
          "Mock2": "lake env lean -DmaxErrors=80 -DwarningAsError=false -o .lake/build/lib/lean/PrimalitySheafVerification/Mock2.olean -i .lake/build/lib/lean/PrimalitySheafVerification/Mock2.ilean PrimalitySheafVerification/Mock2.lean",
          "Mock2_Advanced": "lake env lean -DmaxErrors=80 -DwarningAsError=false -o .lake/build/lib/lean/PrimalitySheafVerification/Mock2_Advanced.olean -i .lake/build/lib/lean/PrimalitySheafVerification/Mock2_Advanced.ilean PrimalitySheafVerification/Mock2_Advanced.lean",
          "Mock2_FunctionalAnalysis": "lake env lean -DmaxErrors=80 -DwarningAsError=false -o .lake/build/lib/lean/PrimalitySheafVerification/Mock2_FunctionalAnalysis.olean -i .lake/build/lib/lean/PrimalitySheafVerification/Mock2_FunctionalAnalysis.ilean PrimalitySheafVerification/Mock2_FunctionalAnalysis.lean"
        },
        "lean_version": "Lean (version 4.33.0-rc1, x86_64-unknown-linux-gnu, commit 62eed1db4d67327ec8120be05f1a1b0847d74561, Release)",
        "lake_version": "Lake version 5.0.0-src+62eed1d (Lean version 4.33.0-rc1)",
        "lean_toolchain": "leanprover/lean4:v4.33.0-rc1",
        "workflow_commit_identity": "8e67595ad555936b5b10dff5133ab2668a526e72",
        "trigger_commit_identity": "8e67595ad555936b5b10dff5133ab2668a526e72",
        "baseline_commit_identity": "b7c8159cc3de07dbe455b9d3979e043e18e20886",
        "lake_manifest_sha256": "672474eb93bc14c66cd1ff45203c451987fe525f7b5d13ecd83140be46434b26",
        "candidate_forbidden_counts": {
          "sorry": 0,
          "admit": 0,
          "new_global_axiom": 0,
          "unsafe": 0,
          "native_decide": 0,
          "Lean.ofReduceBool": 0
        },
        "forbidden_clean": true,
        "repairs": [
          {
            "repair": "slope_plain",
            "applied": 1
          },
          {
            "repair": "paired_parenthesized",
            "applied": 9,
            "per_edge": {
              "circularArc": 5,
              "leftVerticalSegment": 2,
              "rightVerticalSegment": 2
            }
          },
          {
            "repair": "left_selected_piola_ring",
            "applied": 1
          }
        ],
        "_actual_source_sha256": "4647a9463e4264a7f0e08405b7ccd1ce9be87e7227fa2b91dc52024e2e198152",
        "_source_path": "/home/runner/work/mathlib4/mathlib4/build-logs/fa443-matrix/collected/slope_paired_parenthesized_ring/Mock2_FunctionalAnalysis-candidate.lean",
        "_metric_path": "/home/runner/work/mathlib4/mathlib4/build-logs/fa443-matrix/collected/slope_paired_parenthesized_ring/METRIC.json"
      },
      "slope_paired_parenthesized_ring_height": {
        "classification": "VERIFIED",
        "result_classification": "LEAN_FAILURE",
        "authority": "actual direct Lean CLI on generated repository source path",
        "variant": "slope_paired_parenthesized_ring_height",
        "prepare_ok": true,
        "infra_reasons": [],
        "lean_executed": {
          "Mock2": true,
          "Mock2_Advanced": true,
          "Mock2_FunctionalAnalysis": true
        },
        "all_required_lean_commands_executed": true,
        "source_sha256": "885e585d346e81ff15df6f03391913a791d121b7933c3c99a37a557253c87489",
        "candidate_metadata_sha256": "885e585d346e81ff15df6f03391913a791d121b7933c3c99a37a557253c87489",
        "source_metadata_identity": true,
        "baseline_sha256": "71dc36f16ebea92d537aa40a5d420443e4bcb93ccb76fea31efb40a6cb5c3aa0",
        "line_count": 60453,
        "expected_line_count": 60453,
        "same_height": true,
        "target_declaration": "actualEdgeAmbientParam_hasDerivAt",
        "target_header_sha256": "20f8d04dfc32eb6aa027b1523622e01b26feac09d7a78cbafac93f98b0abc84a",
        "theorem_header_unchanged": true,
        "Mock2_exit": 0,
        "Mock2_errors_under_cap": 0,
        "Mock2_Advanced_exit": 0,
        "Mock2_Advanced_errors_under_cap": 0,
        "FA_exit": 1,
        "FA_error_headers_captured": 81,
        "FA_first_actual_error_line": 32590,
        "FA_first_actual_error_col": 5,
        "FA_first_error_message": "Mock2_FunctionalAnalysis.lean:32590:5: error(lean.synthInstanceFailed): failed to synthesize instance of type class\n  MeasurableConstSMul SL(2, \u2124) \u210d\n\nHint: Type class instance resolution failures can be inspected with the `set_option trace.Meta.synthInstance true` command.",
        "FA_first_error_declaration": "selectedHalfOpenTile_ae_eq_openTile",
        "FA_error_declaration_index": 2671,
        "maxErrors_cap": 80,
        "maxErrors_interpretation": "diagnostic cap only; never interpreted as total errors or completion progress",
        "compile_commands": {
          "Mock2": "lake env lean -DmaxErrors=80 -DwarningAsError=false -o .lake/build/lib/lean/PrimalitySheafVerification/Mock2.olean -i .lake/build/lib/lean/PrimalitySheafVerification/Mock2.ilean PrimalitySheafVerification/Mock2.lean",
          "Mock2_Advanced": "lake env lean -DmaxErrors=80 -DwarningAsError=false -o .lake/build/lib/lean/PrimalitySheafVerification/Mock2_Advanced.olean -i .lake/build/lib/lean/PrimalitySheafVerification/Mock2_Advanced.ilean PrimalitySheafVerification/Mock2_Advanced.lean",
          "Mock2_FunctionalAnalysis": "lake env lean -DmaxErrors=80 -DwarningAsError=false -o .lake/build/lib/lean/PrimalitySheafVerification/Mock2_FunctionalAnalysis.olean -i .lake/build/lib/lean/PrimalitySheafVerification/Mock2_FunctionalAnalysis.ilean PrimalitySheafVerification/Mock2_FunctionalAnalysis.lean"
        },
        "lean_version": "Lean (version 4.33.0-rc1, x86_64-unknown-linux-gnu, commit 62eed1db4d67327ec8120be05f1a1b0847d74561, Release)",
        "lake_version": "Lake version 5.0.0-src+62eed1d (Lean version 4.33.0-rc1)",
        "lean_toolchain": "leanprover/lean4:v4.33.0-rc1",
        "workflow_commit_identity": "8e67595ad555936b5b10dff5133ab2668a526e72",
        "trigger_commit_identity": "8e67595ad555936b5b10dff5133ab2668a526e72",
        "baseline_commit_identity": "b7c8159cc3de07dbe455b9d3979e043e18e20886",
        "lake_manifest_sha256": "672474eb93bc14c66cd1ff45203c451987fe525f7b5d13ecd83140be46434b26",
        "candidate_forbidden_counts": {
          "sorry": 0,
          "admit": 0,
          "new_global_axiom": 0,
          "unsafe": 0,
          "native_decide": 0,
          "Lean.ofReduceBool": 0
        },
        "forbidden_clean": true,
        "repairs": [
          {
            "repair": "slope_plain",
            "applied": 1
          },
          {
            "repair": "paired_parenthesized",
            "applied": 9,
            "per_edge": {
              "circularArc": 5,
              "leftVerticalSegment": 2,
              "rightVerticalSegment": 2
            }
          },
          {
            "repair": "left_selected_piola_ring",
            "applied": 1
          },
          {
            "repair": "height_membership",
            "applied": 1
          }
        ],
        "_actual_source_sha256": "885e585d346e81ff15df6f03391913a791d121b7933c3c99a37a557253c87489",
        "_source_path": "/home/runner/work/mathlib4/mathlib4/build-logs/fa443-matrix/collected/slope_paired_parenthesized_ring_height/Mock2_FunctionalAnalysis-candidate.lean",
        "_metric_path": "/home/runner/work/mathlib4/mathlib4/build-logs/fa443-matrix/collected/slope_paired_parenthesized_ring_height/METRIC.json"
      }
    }
  }
}
